Java HotSpot(TM) 64-Bit Server VM (25.341-b10) for windows-amd64 JRE (1.8.0_341-b10), built on Jun 16 2022 15:51:07 by "java_re" with MS VC++ 15.9 (VS2017)
Memory: 4k page, physical 16556248k(4383932k free), swap 21799128k(5330848k free)
CommandLine flags: -XX:GCLogFileSize=3145728 -XX:InitialHeapSize=536870912 -XX:MaxHeapSize=2147483648 -XX:NumberOfGCLogFiles=5 -XX:+PrintGC -XX:+PrintGCDateStamps -XX:+PrintGCDetails -XX:+PrintGCTimeStamps -XX:-TraceClassUnloading -XX:+UseCompressedClassPointers -XX:+UseCompressedOops -XX:+UseGCLogFileRotation -XX:-UseLargePagesIndividualAllocation -XX:+UseParallelGC 
2022-08-15T13:00:47.401+0800: 1.053: [GC (Metadata GC Threshold) [PSYoungGen: 81583K->12114K(153088K)] 81583K->12138K(502784K), 0.0129360 secs] [Times: user=0.05 sys=0.01, real=0.01 secs] 
2022-08-15T13:00:47.414+0800: 1.066: [Full GC (Metadata GC Threshold) [PSYoungGen: 12114K->0K(153088K)] [ParOldGen: 24K->11442K(349696K)] 12138K->11442K(502784K), [Metaspace: 19844K->19844K(1067008K)], 0.0176925 secs] [Times: user=0.02 sys=0.00, real=0.02 secs] 
2022-08-15T13:00:48.089+0800: 1.740: [GC (GCLocker Initiated GC) [PSYoungGen: 106141K->17712K(201216K)] 117583K->29163K(550912K), 0.0072077 secs] [Times: user=0.02 sys=0.00, real=0.01 secs] 
2022-08-15T13:00:48.097+0800: 1.749: [GC (Metadata GC Threshold) [PSYoungGen: 22656K->15562K(281088K)] 34106K->27021K(630784K), 0.0046799 secs] [Times: user=0.02 sys=0.00, real=0.00 secs] 
2022-08-15T13:00:48.101+0800: 1.753: [Full GC (Metadata GC Threshold) [PSYoungGen: 15562K->0K(281088K)] [ParOldGen: 11458K->19799K(349696K)] 27021K->19799K(630784K), [Metaspace: 31824K->31824K(1079296K)], 0.0192891 secs] [Times: user=0.02 sys=0.00, real=0.02 secs] 
2022-08-15T13:00:48.737+0800: 2.389: [GC (Metadata GC Threshold) [PSYoungGen: 155706K->21499K(377344K)] 175505K->49564K(727040K), 0.0195969 secs] [Times: user=0.00 sys=0.00, real=0.02 secs] 
2022-08-15T13:00:48.758+0800: 2.409: [Full GC (Metadata GC Threshold) [PSYoungGen: 21499K->0K(377344K)] [ParOldGen: 28065K->39357K(349696K)] 49564K->39357K(727040K), [Metaspace: 52606K->52548K(1099776K)], 0.1116154 secs] [Times: user=0.09 sys=0.00, real=0.11 secs] 
2022-08-15T13:00:51.211+0800: 4.862: [GC (Allocation Failure) [PSYoungGen: 355840K->21491K(377344K)] 395197K->122867K(727040K), 0.0477988 secs] [Times: user=0.08 sys=0.08, real=0.05 secs] 
2022-08-15T13:00:51.982+0800: 5.633: [GC (Allocation Failure) [PSYoungGen: 377331K->71653K(583168K)] 478707K->183350K(932864K), 0.0407451 secs] [Times: user=0.05 sys=0.00, real=0.04 secs] 
2022-08-15T13:00:52.915+0800: 6.565: [GC (Allocation Failure) [PSYoungGen: 583141K->93670K(605184K)] 694838K->229203K(954880K), 0.0554175 secs] [Times: user=0.13 sys=0.05, real=0.05 secs] 
2022-08-15T13:00:53.756+0800: 7.408: [GC (Allocation Failure) [PSYoungGen: 605158K->93676K(488448K)] 740691K->268936K(838144K), 0.0476008 secs] [Times: user=0.14 sys=0.02, real=0.05 secs] 
2022-08-15T13:00:54.587+0800: 8.238: [GC (Allocation Failure) [PSYoungGen: 488428K->103202K(498176K)] 663688K->309779K(847872K), 0.0372645 secs] [Times: user=0.16 sys=0.00, real=0.04 secs] 
2022-08-15T13:00:55.523+0800: 9.174: [GC (Allocation Failure) [PSYoungGen: 497954K->75896K(544768K)] 704531K->319190K(894464K), 0.0345432 secs] [Times: user=0.09 sys=0.02, real=0.03 secs] 
2022-08-15T13:00:57.002+0800: 10.653: [GC (Metadata GC Threshold) [PSYoungGen: 388524K->36086K(421888K)] 631818K->304113K(771584K), 0.0177117 secs] [Times: user=0.00 sys=0.00, real=0.02 secs] 
2022-08-15T13:00:57.020+0800: 10.671: [Full GC (Metadata GC Threshold) [PSYoungGen: 36086K->0K(421888K)] [ParOldGen: 268026K->176400K(566272K)] 304113K->176400K(988160K), [Metaspace: 88562K->88559K(1134592K)], 0.2167511 secs] [Times: user=1.31 sys=0.00, real=0.22 secs] 
2022-08-15T13:00:59.389+0800: 13.040: [GC (Allocation Failure) [PSYoungGen: 385536K->56341K(543744K)] 561936K->232757K(1110016K), 0.0177573 secs] [Times: user=0.02 sys=0.00, real=0.02 secs] 
2022-08-15T13:01:00.190+0800: 13.841: [GC (Allocation Failure) [PSYoungGen: 449557K->80758K(536064K)] 625973K->257182K(1102336K), 0.0204695 secs] [Times: user=0.05 sys=0.00, real=0.02 secs] 
2022-08-15T13:01:01.049+0800: 14.701: [GC (Allocation Failure) [PSYoungGen: 473974K->107219K(539648K)] 650398K->283675K(1105920K), 0.0244317 secs] [Times: user=0.05 sys=0.00, real=0.03 secs] 
2022-08-15T13:01:01.860+0800: 15.511: [GC (Allocation Failure) [PSYoungGen: 505043K->106024K(504320K)] 681499K->282489K(1070592K), 0.0224312 secs] [Times: user=0.00 sys=0.00, real=0.02 secs] 
2022-08-15T13:01:02.584+0800: 16.235: [GC (Allocation Failure) [PSYoungGen: 503848K->106010K(535040K)] 680313K->282482K(1101312K), 0.0224055 secs] [Times: user=0.02 sys=0.00, real=0.02 secs] 
2022-08-15T13:01:03.289+0800: 16.940: [GC (Allocation Failure) [PSYoungGen: 485402K->100872K(480768K)] 661874K->277352K(1047040K), 0.0212975 secs] [Times: user=0.02 sys=0.00, real=0.02 secs] 
2022-08-15T13:01:04.000+0800: 17.651: [GC (Allocation Failure) [PSYoungGen: 480264K->103374K(536064K)] 656744K->279854K(1102336K), 0.0250425 secs] [Times: user=0.09 sys=0.00, real=0.02 secs] 
2022-08-15T13:01:06.600+0800: 20.251: [GC (Allocation Failure) [PSYoungGen: 478670K->93391K(468992K)] 655150K->269879K(1035264K), 0.0236431 secs] [Times: user=0.02 sys=0.00, real=0.02 secs] 
2022-08-15T13:01:08.185+0800: 21.837: [GC (Allocation Failure) [PSYoungGen: 468687K->115992K(529408K)] 645175K->292488K(1095680K), 0.0478422 secs] [Times: user=0.02 sys=0.00, real=0.05 secs] 
2022-08-15T13:01:09.740+0800: 23.391: [GC (Allocation Failure) [PSYoungGen: 487192K->50281K(534528K)] 663688K->226793K(1100800K), 0.0180936 secs] [Times: user=0.02 sys=0.00, real=0.02 secs] 
2022-08-15T13:01:10.579+0800: 24.231: [GC (Allocation Failure) [PSYoungGen: 421481K->161264K(420864K)] 597993K->437907K(987136K), 0.0697158 secs] [Times: user=0.13 sys=0.00, real=0.07 secs] 
2022-08-15T13:01:11.179+0800: 24.830: [GC (Allocation Failure) [PSYoungGen: 420848K->219644K(479232K)] 697491K->514998K(1045504K), 0.0555988 secs] [Times: user=0.05 sys=0.00, real=0.06 secs] 
2022-08-15T13:01:11.509+0800: 25.160: [GC (Allocation Failure) [PSYoungGen: 479228K->219629K(452608K)] 774582K->527651K(1018880K), 0.0606523 secs] [Times: user=0.06 sys=0.00, real=0.06 secs] 
2022-08-15T13:01:12.327+0800: 25.978: [GC (Allocation Failure) [PSYoungGen: 452589K->135253K(465920K)] 760611K->443475K(1032192K), 0.0371169 secs] [Times: user=0.02 sys=0.00, real=0.04 secs] 
2022-08-15T13:01:14.516+0800: 28.167: [GC (Allocation Failure) [PSYoungGen: 368213K->74214K(465920K)] 676435K->382604K(1032192K), 0.0185271 secs] [Times: user=0.06 sys=0.00, real=0.02 secs] 
2022-08-15T13:01:14.942+0800: 28.593: [GC (Allocation Failure) [PSYoungGen: 307174K->108036K(465920K)] 615564K->416563K(1032192K), 0.0259908 secs] [Times: user=0.03 sys=0.00, real=0.03 secs] 
2022-08-15T13:01:15.329+0800: 28.981: [GC (Allocation Failure) [PSYoungGen: 340996K->99125K(465920K)] 649523K->427809K(1032192K), 0.0294750 secs] [Times: user=0.11 sys=0.02, real=0.03 secs] 
2022-08-15T13:01:15.709+0800: 29.360: [GC (Allocation Failure) [PSYoungGen: 332085K->103943K(465920K)] 660769K->433139K(1032192K), 0.0242577 secs] [Times: user=0.02 sys=0.00, real=0.02 secs] 
2022-08-15T13:01:16.105+0800: 29.757: [GC (Allocation Failure) [PSYoungGen: 336903K->66037K(465920K)] 666099K->441523K(1032192K), 0.0271875 secs] [Times: user=0.14 sys=0.02, real=0.03 secs] 
2022-08-15T13:01:16.497+0800: 30.149: [GC (Allocation Failure) [PSYoungGen: 298997K->59545K(292864K)] 674483K->452147K(859136K), 0.0208672 secs] [Times: user=0.00 sys=0.00, real=0.02 secs] 
2022-08-15T13:01:16.822+0800: 30.472: [GC (Allocation Failure) [PSYoungGen: 292505K->46217K(464896K)] 685107K->455475K(1031168K), 0.0172119 secs] [Times: user=0.02 sys=0.00, real=0.02 secs] 
2022-08-15T13:01:17.177+0800: 30.828: [GC (Allocation Failure) [PSYoungGen: 281225K->48772K(462848K)] 690483K->466128K(1029120K), 0.0167107 secs] [Times: user=0.02 sys=0.00, real=0.02 secs] 
2022-08-15T13:01:17.595+0800: 31.246: [GC (Allocation Failure) [PSYoungGen: 283780K->49826K(465920K)] 701136K->475726K(1032192K), 0.0166363 secs] [Times: user=0.00 sys=0.00, real=0.02 secs] 
2022-08-15T13:01:17.987+0800: 31.638: [GC (Allocation Failure) [PSYoungGen: 296098K->45360K(464896K)] 721998K->478966K(1031168K), 0.0146374 secs] [Times: user=0.00 sys=0.00, real=0.01 secs] 
2022-08-15T13:01:18.461+0800: 32.112: [GC (Allocation Failure) [PSYoungGen: 291632K->43144K(474624K)] 725238K->476758K(1040896K), 0.0128098 secs] [Times: user=0.03 sys=0.00, real=0.01 secs] 
2022-08-15T13:01:19.371+0800: 33.022: [GC (Allocation Failure) [PSYoungGen: 309384K->31921K(474112K)] 742998K->465543K(1040384K), 0.0103619 secs] [Times: user=0.01 sys=0.00, real=0.01 secs] 
2022-08-15T13:01:19.803+0800: 33.454: [GC (Metadata GC Threshold) [PSYoungGen: 95874K->33047K(485376K)] 529496K->466677K(1051648K), 0.0093536 secs] [Times: user=0.00 sys=0.00, real=0.01 secs] 
2022-08-15T13:01:19.812+0800: 33.463: [Full GC (Metadata GC Threshold) [PSYoungGen: 33047K->0K(485376K)] [ParOldGen: 433629K->169990K(626688K)] 466677K->169990K(1112064K), [Metaspace: 153203K->153126K(1191936K)], 0.1866948 secs] [Times: user=0.69 sys=0.02, real=0.19 secs] 
2022-08-15T13:01:20.315+0800: 33.967: [GC (Allocation Failure) [PSYoungGen: 287232K->44058K(485888K)] 457222K->214057K(1112576K), 0.0122200 secs] [Times: user=0.05 sys=0.00, real=0.01 secs] 
2022-08-15T13:01:20.841+0800: 34.492: [GC (Allocation Failure) [PSYoungGen: 331290K->75849K(487936K)] 501289K->245847K(1114624K), 0.0172690 secs] [Times: user=0.00 sys=0.00, real=0.02 secs] 
2022-08-15T13:01:21.390+0800: 35.042: [GC (Allocation Failure) [PSYoungGen: 385097K->86429K(490496K)] 555095K->256428K(1117184K), 0.0172817 secs] [Times: user=0.00 sys=0.00, real=0.02 secs] 
2022-08-15T13:01:21.957+0800: 35.608: [GC (Allocation Failure) [PSYoungGen: 395677K->83841K(504320K)] 565676K->253839K(1131008K), 0.0231564 secs] [Times: user=0.00 sys=0.00, real=0.02 secs] 
2022-08-15T13:01:22.544+0800: 36.195: [GC (Allocation Failure) [PSYoungGen: 422785K->88608K(508928K)] 592783K->258607K(1135616K), 0.0211202 secs] [Times: user=0.00 sys=0.00, real=0.02 secs] 
2022-08-15T13:01:23.057+0800: 36.708: [GC (Allocation Failure) [PSYoungGen: 427552K->85731K(517632K)] 597551K->255729K(1144320K), 0.0182788 secs] [Times: user=0.03 sys=0.00, real=0.02 secs] 
2022-08-15T13:01:23.715+0800: 37.366: [GC (Allocation Failure) [PSYoungGen: 448227K->89810K(523776K)] 618225K->259808K(1150464K), 0.0191578 secs] [Times: user=0.00 sys=0.00, real=0.02 secs] 
2022-08-15T13:01:24.324+0800: 37.976: [GC (Allocation Failure) [PSYoungGen: 452306K->92007K(529920K)] 622304K->262005K(1156608K), 0.0197574 secs] [Times: user=0.00 sys=0.00, real=0.02 secs] 
2022-08-15T13:01:27.657+0800: 41.308: [GC (Allocation Failure) [PSYoungGen: 471911K->76685K(535040K)] 641909K->246683K(1161728K), 0.0223097 secs] [Times: user=0.01 sys=0.00, real=0.02 secs] 
2022-08-15T13:01:28.561+0800: 42.212: [GC (Allocation Failure) [PSYoungGen: 456589K->78634K(532480K)] 626587K->248640K(1159168K), 0.0520088 secs] [Times: user=0.06 sys=0.00, real=0.05 secs] 
2022-08-15T13:01:29.853+0800: 43.504: [GC (Allocation Failure) [PSYoungGen: 474410K->103619K(537088K)] 644416K->273641K(1163776K), 0.0230099 secs] [Times: user=0.03 sys=0.00, real=0.02 secs] 
2022-08-15T13:01:30.318+0800: 43.969: [GC (Allocation Failure) [PSYoungGen: 499395K->144384K(380416K)] 669417K->504196K(1007104K), 0.0875468 secs] [Times: user=0.08 sys=0.00, real=0.09 secs] 
2022-08-15T13:01:30.702+0800: 44.353: [GC (Allocation Failure) [PSYoungGen: 380416K->207951K(444416K)] 740228K->567771K(1071104K), 0.0528992 secs] [Times: user=0.03 sys=0.00, real=0.05 secs] 
2022-08-15T13:01:31.218+0800: 44.869: [GC (Allocation Failure) [PSYoungGen: 443983K->180336K(465920K)] 803803K->540413K(1092608K), 0.0472375 secs] [Times: user=0.02 sys=0.00, real=0.05 secs] 
2022-08-15T13:01:41.323+0800: 54.974: [GC (Allocation Failure) [PSYoungGen: 413296K->48359K(465920K)] 773373K->408507K(1092608K), 0.0171787 secs] [Times: user=0.11 sys=0.00, real=0.02 secs] 
2022-08-15T13:03:25.457+0800: 159.108: [GC (Allocation Failure) [PSYoungGen: 280479K->65107K(465920K)] 640627K->425392K(1092608K), 0.0172158 secs] [Times: user=0.00 sys=0.00, real=0.02 secs] 
2022-08-15T13:07:55.897+0800: 429.549: [GC (Allocation Failure) [PSYoungGen: 297960K->67683K(465920K)] 658244K->428087K(1092608K), 0.0173743 secs] [Times: user=0.00 sys=0.00, real=0.02 secs] 
2022-08-15T13:10:42.535+0800: 596.186: [GC (Allocation Failure) [PSYoungGen: 299729K->71305K(465920K)] 660133K->431821K(1092608K), 0.0135620 secs] [Times: user=0.01 sys=0.00, real=0.01 secs] 
Heap
 PSYoungGen      total 465920K, used 245717K [0x00000000d5580000, 0x0000000100000000, 0x0000000100000000)
  eden space 232960K, 74% used [0x00000000d5580000,0x00000000dffd2f08,0x00000000e3900000)
  from space 232960K, 30% used [0x00000000f1c80000,0x00000000f6222600,0x0000000100000000)
  to   space 232960K, 0% used [0x00000000e3900000,0x00000000e3900000,0x00000000f1c80000)
 ParOldGen       total 626688K, used 360516K [0x0000000080000000, 0x00000000a6400000, 0x00000000d5580000)
  object space 626688K, 57% used [0x0000000080000000,0x00000000960110c0,0x00000000a6400000)
 Metaspace       used 189507K, capacity 202752K, committed 202956K, reserved 1224704K
  class space    used 24165K, capacity 27760K, committed 27852K, reserved 1048576K
